../Core/Src/bno055_wrapper.c:30:23:read_raw_accel	24	static
../Core/Src/bno055_wrapper.c:40:21:read_raw_mag	24	static
../Core/Src/bno055_wrapper.c:50:22:read_raw_gyro	24	static
../Core/Src/bno055_wrapper.c:60:23:read_raw_euler	24	static
../Core/Src/bno055_wrapper.c:70:28:read_raw_quaternion	24	static
../Core/Src/bno055_wrapper.c:80:30:read_raw_lin_accel	24	static
../Core/Src/bno055_wrapper.c:90:25:read_raw_gravity	24	static
../Core/Src/bno055_wrapper.c:100:30:read_convert_accel	88	static
../Core/Src/bno055_wrapper.c:109:28:read_convert_mag	88	static
../Core/Src/bno055_wrapper.c:118:29:read_convert_gyro	88	static
../Core/Src/bno055_wrapper.c:128:30:read_convert_euler	88	static
../Core/Src/bno055_wrapper.c:138:37:read_convert_lin_accel	88	static
../Core/Src/bno055_wrapper.c:147:32:read_convert_gravity	88	static
../Core/Src/bno055_wrapper.c:156:6:bno055_init_ic2	8	static
../Core/Src/bno055_wrapper.c:163:5:bno055_deinit	8	static
../Core/Src/bno055_wrapper.c:169:4:I2C_routine	4	static
../Core/Src/bno055_wrapper.c:178:4:BNO055_I2C_bus_write	40	static
../Core/Src/bno055_wrapper.c:184:4:BNO055_I2C_bus_read	40	static
../Core/Src/bno055_wrapper.c:190:6:BNO055_delay_msek	16	static
